2025-10-02 21:05:08.233074 INFO::Writing function arguments to log file
2025-10-02 21:05:08.236645 DEBUG::Function arguments
2025-10-02 21:05:08.239621 DEBUG::Output folder: /home/patcseed/projects/abbott-carbohydrate-obesity-project2/microbiome_analysis/outputs/maaslin2_genus
2025-10-02 21:05:08.239807 DEBUG::Min Abundance: 0.000000
2025-10-02 21:05:08.239971 DEBUG::Min Prevalence: 0.050000
2025-10-02 21:05:08.240139 DEBUG::Normalization: TSS
2025-10-02 21:05:08.240294 DEBUG::Transform: LOG
2025-10-02 21:05:08.240446 DEBUG::Analysis method: LM
2025-10-02 21:05:08.240588 DEBUG::Max significance: 0.250000
2025-10-02 21:05:08.240719 DEBUG::Random effects: subject_id
2025-10-02 21:05:08.240852 DEBUG::Fixed effects: group,carbohydrate,timepoint
2025-10-02 21:05:08.240981 DEBUG::Correction method: BH
2025-10-02 21:05:08.241108 DEBUG::Standardize: TRUE
2025-10-02 21:05:08.24123 DEBUG::Cores: 1
2025-10-02 21:05:08.24135 INFO::Verifying options selected are valid
2025-10-02 21:05:08.264965 INFO::Determining format of input files
2025-10-02 21:05:08.265437 INFO::Input format is data samples as columns and metadata samples as rows
2025-10-02 21:05:08.267224 DEBUG::Transformed data so samples are rows
2025-10-02 21:05:08.26764 DEBUG::A total of 297 samples were found in both the data and metadata
2025-10-02 21:05:08.267803 DEBUG::Reordering data/metadata to use same sample ordering
2025-10-02 21:05:08.268717 INFO::Formula for random effects: expr ~ (1 | subject_id)
2025-10-02 21:05:08.269085 INFO::Formula for fixed effects: expr ~  group + carbohydrate + timepoint
2025-10-02 21:05:08.269405 INFO::Factor detected for categorial metadata 'group'. Provide a reference argument or manually set factor ordering to change reference level.
2025-10-02 21:05:08.269684 INFO::Factor detected for categorial metadata 'carbohydrate'. Provide a reference argument or manually set factor ordering to change reference level.
2025-10-02 21:05:08.269936 INFO::Factor detected for categorial metadata 'timepoint'. Provide a reference argument or manually set factor ordering to change reference level.
2025-10-02 21:05:08.270171 INFO::Filter data based on min abundance and min prevalence
2025-10-02 21:05:08.270405 INFO::Total samples in data: 297
2025-10-02 21:05:08.270647 INFO::Min samples required with min abundance for a feature not to be filtered: 14.850000
2025-10-02 21:05:08.271813 INFO::Total filtered features: 0
2025-10-02 21:05:08.272192 INFO::Filtered feature names from abundance and prevalence filtering:
2025-10-02 21:05:08.273872 INFO::Total filtered features with variance filtering: 0
2025-10-02 21:05:08.27422 INFO::Filtered feature names from variance filtering:
2025-10-02 21:05:08.274458 INFO::Running selected normalization method: TSS
2025-10-02 21:05:08.276763 INFO::Applying z-score to standardize continuous metadata
2025-10-02 21:05:08.279467 INFO::Running selected transform method: LOG
2025-10-02 21:05:08.282109 INFO::Running selected analysis method: LM
2025-10-02 21:05:08.288932 INFO::Fitting model to feature number 1, ASV_3
2025-10-02 21:05:08.315947 INFO::Fitting model to feature number 2, ASV_4
2025-10-02 21:05:08.337721 INFO::Fitting model to feature number 3, ASV_5
2025-10-02 21:05:08.359107 INFO::Fitting model to feature number 4, ASV_8
2025-10-02 21:05:08.381101 INFO::Fitting model to feature number 5, ASV_9
2025-10-02 21:05:08.402503 INFO::Fitting model to feature number 6, ASV_11
2025-10-02 21:05:08.423729 INFO::Fitting model to feature number 7, ASV_12
2025-10-02 21:05:08.447151 INFO::Fitting model to feature number 8, ASV_14
2025-10-02 21:05:08.47113 INFO::Fitting model to feature number 9, ASV_21
2025-10-02 21:05:08.494303 INFO::Fitting model to feature number 10, ASV_23
2025-10-02 21:05:08.518329 INFO::Fitting model to feature number 11, ASV_28
2025-10-02 21:05:08.578281 INFO::Fitting model to feature number 12, ASV_31
2025-10-02 21:05:08.600783 INFO::Fitting model to feature number 13, ASV_42
2025-10-02 21:05:08.622582 INFO::Fitting model to feature number 14, ASV_45
2025-10-02 21:05:08.644394 INFO::Fitting model to feature number 15, ASV_47
2025-10-02 21:05:08.667166 INFO::Fitting model to feature number 16, ASV_48
2025-10-02 21:05:08.695763 INFO::Fitting model to feature number 17, ASV_49
2025-10-02 21:05:08.717581 INFO::Fitting model to feature number 18, ASV_51
2025-10-02 21:05:08.738478 INFO::Fitting model to feature number 19, ASV_53
2025-10-02 21:05:08.759914 INFO::Fitting model to feature number 20, ASV_62
2025-10-02 21:05:08.780623 INFO::Fitting model to feature number 21, ASV_63
2025-10-02 21:05:08.801678 INFO::Fitting model to feature number 22, ASV_64
2025-10-02 21:05:08.82333 INFO::Fitting model to feature number 23, ASV_67
2025-10-02 21:05:08.845279 INFO::Fitting model to feature number 24, ASV_77
2025-10-02 21:05:08.867617 INFO::Fitting model to feature number 25, ASV_81
2025-10-02 21:05:08.888739 INFO::Fitting model to feature number 26, ASV_87
2025-10-02 21:05:08.910619 INFO::Fitting model to feature number 27, ASV_97
2025-10-02 21:05:08.934572 INFO::Fitting model to feature number 28, ASV_99
2025-10-02 21:05:08.958382 INFO::Fitting model to feature number 29, ASV_102
2025-10-02 21:05:08.979991 INFO::Fitting model to feature number 30, ASV_119
2025-10-02 21:05:09.000912 INFO::Fitting model to feature number 31, ASV_122
2025-10-02 21:05:09.021714 INFO::Fitting model to feature number 32, ASV_149
2025-10-02 21:05:09.042418 INFO::Fitting model to feature number 33, ASV_154
2025-10-02 21:05:09.064721 INFO::Fitting model to feature number 34, ASV_168
2025-10-02 21:05:09.086027 INFO::Fitting model to feature number 35, ASV_175
2025-10-02 21:05:09.137886 INFO::Fitting model to feature number 36, ASV_188
2025-10-02 21:05:09.160326 INFO::Fitting model to feature number 37, ASV_191
2025-10-02 21:05:09.182461 INFO::Fitting model to feature number 38, ASV_192
2025-10-02 21:05:09.204017 INFO::Fitting model to feature number 39, ASV_198
2025-10-02 21:05:09.226948 INFO::Fitting model to feature number 40, ASV_200
2025-10-02 21:05:09.249806 INFO::Fitting model to feature number 41, ASV_201
2025-10-02 21:05:09.271262 INFO::Fitting model to feature number 42, ASV_202
2025-10-02 21:05:09.292492 INFO::Fitting model to feature number 43, ASV_203
2025-10-02 21:05:09.315532 INFO::Fitting model to feature number 44, ASV_209
2025-10-02 21:05:09.337604 INFO::Fitting model to feature number 45, ASV_214
2025-10-02 21:05:09.358403 INFO::Fitting model to feature number 46, ASV_225
2025-10-02 21:05:09.378836 INFO::Fitting model to feature number 47, ASV_226
2025-10-02 21:05:09.399714 INFO::Fitting model to feature number 48, ASV_227
2025-10-02 21:05:09.422577 INFO::Fitting model to feature number 49, ASV_235
2025-10-02 21:05:09.444192 INFO::Fitting model to feature number 50, ASV_248
2025-10-02 21:05:09.465833 INFO::Fitting model to feature number 51, ASV_252
2025-10-02 21:05:09.486998 INFO::Fitting model to feature number 52, ASV_254
2025-10-02 21:05:09.510389 INFO::Fitting model to feature number 53, ASV_260
2025-10-02 21:05:09.534122 INFO::Fitting model to feature number 54, ASV_263
2025-10-02 21:05:09.557534 INFO::Fitting model to feature number 55, ASV_265
2025-10-02 21:05:09.580722 INFO::Fitting model to feature number 56, ASV_266
2025-10-02 21:05:09.603396 INFO::Fitting model to feature number 57, ASV_280
2025-10-02 21:05:09.625359 INFO::Fitting model to feature number 58, ASV_287
2025-10-02 21:05:09.648413 INFO::Fitting model to feature number 59, ASV_288
2025-10-02 21:05:09.670108 INFO::Fitting model to feature number 60, ASV_289
2025-10-02 21:05:09.760648 INFO::Fitting model to feature number 61, ASV_291
2025-10-02 21:05:09.782314 INFO::Fitting model to feature number 62, ASV_292
2025-10-02 21:05:09.80469 INFO::Fitting model to feature number 63, ASV_303
2025-10-02 21:05:09.827936 INFO::Fitting model to feature number 64, ASV_309
2025-10-02 21:05:09.849717 INFO::Fitting model to feature number 65, ASV_316
2025-10-02 21:05:09.871441 INFO::Fitting model to feature number 66, ASV_319
2025-10-02 21:05:09.893779 INFO::Fitting model to feature number 67, ASV_326
2025-10-02 21:05:09.914963 INFO::Fitting model to feature number 68, ASV_334
2025-10-02 21:05:09.936723 INFO::Fitting model to feature number 69, ASV_341
2025-10-02 21:05:09.959567 INFO::Fitting model to feature number 70, ASV_349
2025-10-02 21:05:09.980136 INFO::Fitting model to feature number 71, ASV_356
2025-10-02 21:05:10.000468 INFO::Fitting model to feature number 72, ASV_373
2025-10-02 21:05:10.021791 INFO::Fitting model to feature number 73, ASV_375
2025-10-02 21:05:10.043573 INFO::Fitting model to feature number 74, ASV_390
2025-10-02 21:05:10.064465 INFO::Fitting model to feature number 75, ASV_393
2025-10-02 21:05:10.08594 INFO::Fitting model to feature number 76, ASV_423
2025-10-02 21:05:10.106481 INFO::Fitting model to feature number 77, ASV_425
2025-10-02 21:05:10.127049 INFO::Fitting model to feature number 78, ASV_427
2025-10-02 21:05:10.147572 INFO::Fitting model to feature number 79, ASV_430
2025-10-02 21:05:10.169569 INFO::Fitting model to feature number 80, ASV_446
2025-10-02 21:05:10.190196 INFO::Fitting model to feature number 81, ASV_464
2025-10-02 21:05:10.210262 INFO::Fitting model to feature number 82, ASV_494
2025-10-02 21:05:10.233213 INFO::Fitting model to feature number 83, ASV_511
2025-10-02 21:05:10.254556 INFO::Fitting model to feature number 84, ASV_521
2025-10-02 21:05:10.278804 INFO::Fitting model to feature number 85, ASV_536
2025-10-02 21:05:10.332484 INFO::Fitting model to feature number 86, ASV_561
2025-10-02 21:05:10.35518 INFO::Fitting model to feature number 87, ASV_600
2025-10-02 21:05:10.376291 INFO::Fitting model to feature number 88, ASV_612
2025-10-02 21:05:10.397789 INFO::Fitting model to feature number 89, ASV_749
2025-10-02 21:05:10.420005 INFO::Fitting model to feature number 90, ASV_753
2025-10-02 21:05:10.441642 INFO::Fitting model to feature number 91, ASV_776
2025-10-02 21:05:10.462243 INFO::Fitting model to feature number 92, ASV_781
2025-10-02 21:05:10.483311 INFO::Fitting model to feature number 93, ASV_821
2025-10-02 21:05:10.51131 INFO::Fitting model to feature number 94, ASV_847
2025-10-02 21:05:10.532678 INFO::Fitting model to feature number 95, ASV_887
2025-10-02 21:05:10.554445 INFO::Fitting model to feature number 96, ASV_912
2025-10-02 21:05:10.576001 INFO::Fitting model to feature number 97, ASV_915
2025-10-02 21:05:10.597368 INFO::Fitting model to feature number 98, ASV_917
2025-10-02 21:05:10.619434 INFO::Fitting model to feature number 99, ASV_926
2025-10-02 21:05:10.641333 INFO::Fitting model to feature number 100, ASV_957
2025-10-02 21:05:10.662515 INFO::Fitting model to feature number 101, ASV_1036
2025-10-02 21:05:10.685868 INFO::Fitting model to feature number 102, ASV_1039
2025-10-02 21:05:10.70967 INFO::Fitting model to feature number 103, ASV_1044
2025-10-02 21:05:10.73363 INFO::Fitting model to feature number 104, ASV_1048
2025-10-02 21:05:10.756967 INFO::Fitting model to feature number 105, ASV_1057
2025-10-02 21:05:10.779814 INFO::Fitting model to feature number 106, ASV_1063
2025-10-02 21:05:10.803241 INFO::Fitting model to feature number 107, ASV_1073
2025-10-02 21:05:10.825327 INFO::Fitting model to feature number 108, ASV_1125
2025-10-02 21:05:10.847334 INFO::Fitting model to feature number 109, ASV_1144
2025-10-02 21:05:10.900565 INFO::Fitting model to feature number 110, ASV_1147
2025-10-02 21:05:10.926456 INFO::Fitting model to feature number 111, ASV_1173
2025-10-02 21:05:10.949082 INFO::Fitting model to feature number 112, ASV_1304
2025-10-02 21:05:10.972067 INFO::Fitting model to feature number 113, ASV_1357
2025-10-02 21:05:10.995653 INFO::Fitting model to feature number 114, ASV_1362
2025-10-02 21:05:11.017669 INFO::Fitting model to feature number 115, ASV_1366
2025-10-02 21:05:11.038986 INFO::Fitting model to feature number 116, ASV_1440
2025-10-02 21:05:11.059817 INFO::Fitting model to feature number 117, ASV_1463
2025-10-02 21:05:11.081053 INFO::Fitting model to feature number 118, ASV_1499
2025-10-02 21:05:11.101468 INFO::Fitting model to feature number 119, ASV_1523
2025-10-02 21:05:11.121613 INFO::Fitting model to feature number 120, ASV_1537
2025-10-02 21:05:11.142507 INFO::Fitting model to feature number 121, ASV_1569
2025-10-02 21:05:11.163672 INFO::Fitting model to feature number 122, ASV_1586
2025-10-02 21:05:11.186216 INFO::Fitting model to feature number 123, ASV_1608
2025-10-02 21:05:11.208799 INFO::Fitting model to feature number 124, ASV_1729
2025-10-02 21:05:11.230795 INFO::Fitting model to feature number 125, ASV_1740
2025-10-02 21:05:11.257174 INFO::Fitting model to feature number 126, ASV_1913
2025-10-02 21:05:11.278841 INFO::Fitting model to feature number 127, ASV_2025
2025-10-02 21:05:11.300588 INFO::Fitting model to feature number 128, ASV_2049
2025-10-02 21:05:11.323447 INFO::Fitting model to feature number 129, ASV_2085
2025-10-02 21:05:11.344301 INFO::Fitting model to feature number 130, ASV_2210
2025-10-02 21:05:11.364704 INFO::Fitting model to feature number 131, ASV_2376
2025-10-02 21:05:11.386044 INFO::Fitting model to feature number 132, ASV_2530
2025-10-02 21:05:11.407206 INFO::Fitting model to feature number 133, ASV_2595
2025-10-02 21:05:11.428844 INFO::Fitting model to feature number 134, ASV_2647
2025-10-02 21:05:11.482148 INFO::Fitting model to feature number 135, ASV_3222
2025-10-02 21:05:11.505776 INFO::Fitting model to feature number 136, ASV_7586
2025-10-02 21:05:11.529427 INFO::Fitting model to feature number 137, ASV_8251
2025-10-02 21:05:11.553787 INFO::Fitting model to feature number 138, ASV_10308
2025-10-02 21:05:11.576453 INFO::Fitting model to feature number 139, ASV_12342
2025-10-02 21:05:11.599444 INFO::Fitting model to feature number 140, ASV_13436
2025-10-02 21:05:11.621996 INFO::Fitting model to feature number 141, ASV_15327
2025-10-02 21:05:11.644266 INFO::Fitting model to feature number 142, ASV_15567
2025-10-02 21:05:11.665175 INFO::Fitting model to feature number 143, ASV_16344
2025-10-02 21:05:11.686207 INFO::Fitting model to feature number 144, ASV_16536
2025-10-02 21:05:11.707441 INFO::Fitting model to feature number 145, ASV_16840
2025-10-02 21:05:11.729511 INFO::Fitting model to feature number 146, ASV_17160
2025-10-02 21:05:11.771557 INFO::Counting total values for each feature
2025-10-02 21:05:11.781169 INFO::Writing filtered data to file /home/patcseed/projects/abbott-carbohydrate-obesity-project2/microbiome_analysis/outputs/maaslin2_genus/features/filtered_data.tsv
2025-10-02 21:05:11.792565 INFO::Writing filtered, normalized data to file /home/patcseed/projects/abbott-carbohydrate-obesity-project2/microbiome_analysis/outputs/maaslin2_genus/features/filtered_data_norm.tsv
2025-10-02 21:05:11.807102 INFO::Writing filtered, normalized, transformed data to file /home/patcseed/projects/abbott-carbohydrate-obesity-project2/microbiome_analysis/outputs/maaslin2_genus/features/filtered_data_norm_transformed.tsv
2025-10-02 21:05:11.82692 INFO::Writing residuals to file /home/patcseed/projects/abbott-carbohydrate-obesity-project2/microbiome_analysis/outputs/maaslin2_genus/fits/residuals.rds
2025-10-02 21:05:11.837851 INFO::Writing fitted values to file /home/patcseed/projects/abbott-carbohydrate-obesity-project2/microbiome_analysis/outputs/maaslin2_genus/fits/fitted.rds
2025-10-02 21:05:11.846758 INFO::Writing extracted random effects to file /home/patcseed/projects/abbott-carbohydrate-obesity-project2/microbiome_analysis/outputs/maaslin2_genus/fits/ranef.rds
2025-10-02 21:05:11.847917 INFO::Writing all results to file (ordered by increasing q-values): /home/patcseed/projects/abbott-carbohydrate-obesity-project2/microbiome_analysis/outputs/maaslin2_genus/all_results.tsv
2025-10-02 21:05:11.849867 INFO::Writing the significant results (those which are less than or equal to the threshold of 0.250000 ) to file (ordered by increasing q-values): /home/patcseed/projects/abbott-carbohydrate-obesity-project2/microbiome_analysis/outputs/maaslin2_genus/significant_results.tsv
