2025-10-02 21:05:13.462991 INFO::Writing function arguments to log file
2025-10-02 21:05:13.463491 DEBUG::Function arguments
2025-10-02 21:05:13.463673 DEBUG::Output folder: /home/patcseed/projects/abbott-carbohydrate-obesity-project2/microbiome_analysis/outputs/maaslin2_48h_rdc_vs_sdc
2025-10-02 21:05:13.463832 DEBUG::Min Abundance: 0.000000
2025-10-02 21:05:13.463987 DEBUG::Min Prevalence: 0.050000
2025-10-02 21:05:13.464129 DEBUG::Normalization: TSS
2025-10-02 21:05:13.46427 DEBUG::Transform: LOG
2025-10-02 21:05:13.464406 DEBUG::Analysis method: LM
2025-10-02 21:05:13.464544 DEBUG::Max significance: 0.250000
2025-10-02 21:05:13.464679 DEBUG::Random effects: subject_id
2025-10-02 21:05:13.464808 DEBUG::Fixed effects: carbohydrate
2025-10-02 21:05:13.464942 DEBUG::Correction method: BH
2025-10-02 21:05:13.465072 DEBUG::Standardize: TRUE
2025-10-02 21:05:13.465201 DEBUG::Cores: 1
2025-10-02 21:05:13.465333 INFO::Verifying options selected are valid
2025-10-02 21:05:13.465639 INFO::Determining format of input files
2025-10-02 21:05:13.465938 INFO::Input format is data samples as columns and metadata samples as rows
2025-10-02 21:05:13.467113 DEBUG::Transformed data so samples are rows
2025-10-02 21:05:13.467485 DEBUG::A total of 126 samples were found in both the data and metadata
2025-10-02 21:05:13.467635 DEBUG::Reordering data/metadata to use same sample ordering
2025-10-02 21:05:13.468475 INFO::Formula for random effects: expr ~ (1 | subject_id)
2025-10-02 21:05:13.468812 INFO::Formula for fixed effects: expr ~  carbohydrate
2025-10-02 21:05:13.4691 INFO::Factor detected for categorial metadata 'carbohydrate'. Provide a reference argument or manually set factor ordering to change reference level.
2025-10-02 21:05:13.469327 INFO::Filter data based on min abundance and min prevalence
2025-10-02 21:05:13.46958 INFO::Total samples in data: 126
2025-10-02 21:05:13.469804 INFO::Min samples required with min abundance for a feature not to be filtered: 6.300000
2025-10-02 21:05:13.470886 INFO::Total filtered features: 14
2025-10-02 21:05:13.471205 INFO::Filtered feature names from abundance and prevalence filtering: ASV_464, ASV_494, ASV_776, ASV_887, ASV_957, ASV_1304, ASV_1357, ASV_1523, ASV_2025, ASV_2530, ASV_10308, ASV_12342, ASV_16840, ASV_17160
2025-10-02 21:05:13.472576 INFO::Total filtered features with variance filtering: 0
2025-10-02 21:05:13.472871 INFO::Filtered feature names from variance filtering:
2025-10-02 21:05:13.4731 INFO::Running selected normalization method: TSS
2025-10-02 21:05:13.474429 INFO::Applying z-score to standardize continuous metadata
2025-10-02 21:05:13.476584 INFO::Running selected transform method: LOG
2025-10-02 21:05:13.478482 INFO::Running selected analysis method: LM
2025-10-02 21:05:13.478963 INFO::Fitting model to feature number 1, ASV_3
2025-10-02 21:05:13.499132 INFO::Fitting model to feature number 2, ASV_4
2025-10-02 21:05:13.518137 INFO::Fitting model to feature number 3, ASV_5
2025-10-02 21:05:13.53796 INFO::Fitting model to feature number 4, ASV_8
2025-10-02 21:05:13.556644 INFO::Fitting model to feature number 5, ASV_9
2025-10-02 21:05:13.575555 INFO::Fitting model to feature number 6, ASV_11
2025-10-02 21:05:13.595134 INFO::Fitting model to feature number 7, ASV_12
2025-10-02 21:05:13.614756 INFO::Fitting model to feature number 8, ASV_14
2025-10-02 21:05:13.635214 INFO::Fitting model to feature number 9, ASV_21
2025-10-02 21:05:13.655279 INFO::Fitting model to feature number 10, ASV_23
2025-10-02 21:05:13.67499 INFO::Fitting model to feature number 11, ASV_28
2025-10-02 21:05:13.694684 INFO::Fitting model to feature number 12, ASV_31
2025-10-02 21:05:13.713866 INFO::Fitting model to feature number 13, ASV_42
2025-10-02 21:05:13.732572 INFO::Fitting model to feature number 14, ASV_45
2025-10-02 21:05:13.750847 INFO::Fitting model to feature number 15, ASV_47
2025-10-02 21:05:13.769491 INFO::Fitting model to feature number 16, ASV_48
2025-10-02 21:05:13.78803 INFO::Fitting model to feature number 17, ASV_49
2025-10-02 21:05:13.806763 INFO::Fitting model to feature number 18, ASV_51
2025-10-02 21:05:13.825845 INFO::Fitting model to feature number 19, ASV_53
2025-10-02 21:05:13.849822 INFO::Fitting model to feature number 20, ASV_62
2025-10-02 21:05:13.901484 INFO::Fitting model to feature number 21, ASV_63
2025-10-02 21:05:13.92139 INFO::Fitting model to feature number 22, ASV_64
2025-10-02 21:05:13.942066 INFO::Fitting model to feature number 23, ASV_67
2025-10-02 21:05:13.961644 INFO::Fitting model to feature number 24, ASV_77
2025-10-02 21:05:13.982197 INFO::Fitting model to feature number 25, ASV_81
2025-10-02 21:05:14.003335 INFO::Fitting model to feature number 26, ASV_87
2025-10-02 21:05:14.023856 INFO::Fitting model to feature number 27, ASV_97
2025-10-02 21:05:14.045061 INFO::Fitting model to feature number 28, ASV_99
2025-10-02 21:05:14.065573 INFO::Fitting model to feature number 29, ASV_102
2025-10-02 21:05:14.084065 INFO::Fitting model to feature number 30, ASV_119
2025-10-02 21:05:14.103175 INFO::Fitting model to feature number 31, ASV_122
2025-10-02 21:05:14.123119 INFO::Fitting model to feature number 32, ASV_149
2025-10-02 21:05:14.147484 INFO::Fitting model to feature number 33, ASV_154
2025-10-02 21:05:14.166901 INFO::Fitting model to feature number 34, ASV_168
2025-10-02 21:05:14.185945 INFO::Fitting model to feature number 35, ASV_175
2025-10-02 21:05:14.205658 INFO::Fitting model to feature number 36, ASV_188
2025-10-02 21:05:14.22468 INFO::Fitting model to feature number 37, ASV_191
2025-10-02 21:05:14.244248 INFO::Fitting model to feature number 38, ASV_192
2025-10-02 21:05:14.263617 INFO::Fitting model to feature number 39, ASV_198
2025-10-02 21:05:14.282159 INFO::Fitting model to feature number 40, ASV_200
2025-10-02 21:05:14.300698 INFO::Fitting model to feature number 41, ASV_201
2025-10-02 21:05:14.319377 INFO::Fitting model to feature number 42, ASV_202
2025-10-02 21:05:14.337539 INFO::Fitting model to feature number 43, ASV_203
2025-10-02 21:05:14.357677 INFO::Fitting model to feature number 44, ASV_209
2025-10-02 21:05:14.377149 INFO::Fitting model to feature number 45, ASV_214
2025-10-02 21:05:14.396553 INFO::Fitting model to feature number 46, ASV_225
2025-10-02 21:05:14.445698 INFO::Fitting model to feature number 47, ASV_226
2025-10-02 21:05:14.466549 INFO::Fitting model to feature number 48, ASV_227
2025-10-02 21:05:14.486049 INFO::Fitting model to feature number 49, ASV_235
2025-10-02 21:05:14.50584 INFO::Fitting model to feature number 50, ASV_248
2025-10-02 21:05:14.526196 INFO::Fitting model to feature number 51, ASV_252
2025-10-02 21:05:14.547013 INFO::Fitting model to feature number 52, ASV_254
2025-10-02 21:05:14.566231 INFO::Fitting model to feature number 53, ASV_260
2025-10-02 21:05:14.585562 INFO::Fitting model to feature number 54, ASV_263
2025-10-02 21:05:14.605087 INFO::Fitting model to feature number 55, ASV_265
2025-10-02 21:05:14.625107 INFO::Fitting model to feature number 56, ASV_266
2025-10-02 21:05:14.644862 INFO::Fitting model to feature number 57, ASV_280
2025-10-02 21:05:14.663569 INFO::Fitting model to feature number 58, ASV_287
2025-10-02 21:05:14.683004 INFO::Fitting model to feature number 59, ASV_288
2025-10-02 21:05:14.704052 INFO::Fitting model to feature number 60, ASV_289
2025-10-02 21:05:14.723751 INFO::Fitting model to feature number 61, ASV_291
2025-10-02 21:05:14.743831 INFO::Fitting model to feature number 62, ASV_292
2025-10-02 21:05:14.762862 INFO::Fitting model to feature number 63, ASV_303
2025-10-02 21:05:14.78225 INFO::Fitting model to feature number 64, ASV_309
2025-10-02 21:05:14.800859 INFO::Fitting model to feature number 65, ASV_316
2025-10-02 21:05:14.820318 INFO::Fitting model to feature number 66, ASV_319
2025-10-02 21:05:14.83958 INFO::Fitting model to feature number 67, ASV_326
2025-10-02 21:05:14.858765 INFO::Fitting model to feature number 68, ASV_334
2025-10-02 21:05:14.877411 INFO::Fitting model to feature number 69, ASV_341
2025-10-02 21:05:14.89934 INFO::Fitting model to feature number 70, ASV_349
2025-10-02 21:05:14.91875 INFO::Fitting model to feature number 71, ASV_356
2025-10-02 21:05:14.937349 INFO::Fitting model to feature number 72, ASV_373
2025-10-02 21:05:14.984379 INFO::Fitting model to feature number 73, ASV_375
2025-10-02 21:05:15.005083 INFO::Fitting model to feature number 74, ASV_390
2025-10-02 21:05:15.024099 INFO::Fitting model to feature number 75, ASV_393
2025-10-02 21:05:15.043533 INFO::Fitting model to feature number 76, ASV_423
2025-10-02 21:05:15.064857 INFO::Fitting model to feature number 77, ASV_425
2025-10-02 21:05:15.086315 INFO::Fitting model to feature number 78, ASV_427
2025-10-02 21:05:15.107271 INFO::Fitting model to feature number 79, ASV_430
2025-10-02 21:05:15.127573 INFO::Fitting model to feature number 80, ASV_446
2025-10-02 21:05:15.147522 INFO::Fitting model to feature number 81, ASV_511
2025-10-02 21:05:15.166705 INFO::Fitting model to feature number 82, ASV_521
2025-10-02 21:05:15.188695 INFO::Fitting model to feature number 83, ASV_536
2025-10-02 21:05:15.211458 INFO::Fitting model to feature number 84, ASV_561
2025-10-02 21:05:15.233704 INFO::Fitting model to feature number 85, ASV_600
2025-10-02 21:05:15.256236 INFO::Fitting model to feature number 86, ASV_612
2025-10-02 21:05:15.278525 INFO::Fitting model to feature number 87, ASV_749
2025-10-02 21:05:15.299414 INFO::Fitting model to feature number 88, ASV_753
2025-10-02 21:05:15.318967 INFO::Fitting model to feature number 89, ASV_781
2025-10-02 21:05:15.33783 INFO::Fitting model to feature number 90, ASV_821
2025-10-02 21:05:15.357157 INFO::Fitting model to feature number 91, ASV_847
2025-10-02 21:05:15.376709 INFO::Fitting model to feature number 92, ASV_912
2025-10-02 21:05:15.396336 INFO::Fitting model to feature number 93, ASV_915
2025-10-02 21:05:15.416226 INFO::Fitting model to feature number 94, ASV_917
2025-10-02 21:05:15.43583 INFO::Fitting model to feature number 95, ASV_926
2025-10-02 21:05:15.45469 INFO::Fitting model to feature number 96, ASV_1036
2025-10-02 21:05:15.472979 INFO::Fitting model to feature number 97, ASV_1039
2025-10-02 21:05:15.492917 INFO::Fitting model to feature number 98, ASV_1044
2025-10-02 21:05:15.512707 INFO::Fitting model to feature number 99, ASV_1048
2025-10-02 21:05:15.561842 INFO::Fitting model to feature number 100, ASV_1057
2025-10-02 21:05:15.581823 INFO::Fitting model to feature number 101, ASV_1063
2025-10-02 21:05:15.600905 INFO::Fitting model to feature number 102, ASV_1073
2025-10-02 21:05:15.621317 INFO::Fitting model to feature number 103, ASV_1125
2025-10-02 21:05:15.640813 INFO::Fitting model to feature number 104, ASV_1144
2025-10-02 21:05:15.660293 INFO::Fitting model to feature number 105, ASV_1147
2025-10-02 21:05:15.680733 INFO::Fitting model to feature number 106, ASV_1173
2025-10-02 21:05:15.700073 INFO::Fitting model to feature number 107, ASV_1362
2025-10-02 21:05:15.718753 INFO::Fitting model to feature number 108, ASV_1366
2025-10-02 21:05:15.738901 INFO::Fitting model to feature number 109, ASV_1440
2025-10-02 21:05:15.758342 INFO::Fitting model to feature number 110, ASV_1463
2025-10-02 21:05:15.777595 INFO::Fitting model to feature number 111, ASV_1499
2025-10-02 21:05:15.797515 INFO::Fitting model to feature number 112, ASV_1537
2025-10-02 21:05:15.81744 INFO::Fitting model to feature number 113, ASV_1569
2025-10-02 21:05:15.838286 INFO::Fitting model to feature number 114, ASV_1586
2025-10-02 21:05:15.857257 INFO::Fitting model to feature number 115, ASV_1608
2025-10-02 21:05:15.87703 INFO::Fitting model to feature number 116, ASV_1729
2025-10-02 21:05:15.897348 INFO::Fitting model to feature number 117, ASV_1740
2025-10-02 21:05:15.91631 INFO::Fitting model to feature number 118, ASV_1913
2025-10-02 21:05:15.935345 INFO::Fitting model to feature number 119, ASV_2049
2025-10-02 21:05:15.954879 INFO::Fitting model to feature number 120, ASV_2085
2025-10-02 21:05:15.974319 INFO::Fitting model to feature number 121, ASV_2210
2025-10-02 21:05:15.992879 INFO::Fitting model to feature number 122, ASV_2376
2025-10-02 21:05:16.011743 INFO::Fitting model to feature number 123, ASV_2595
2025-10-02 21:05:16.03107 INFO::Fitting model to feature number 124, ASV_2647
2025-10-02 21:05:16.050042 INFO::Fitting model to feature number 125, ASV_3222
2025-10-02 21:05:16.100122 INFO::Fitting model to feature number 126, ASV_7586
2025-10-02 21:05:16.120814 INFO::Fitting model to feature number 127, ASV_8251
2025-10-02 21:05:16.140051 INFO::Fitting model to feature number 128, ASV_13436
2025-10-02 21:05:16.160138 INFO::Fitting model to feature number 129, ASV_15327
2025-10-02 21:05:16.179477 INFO::Fitting model to feature number 130, ASV_15567
2025-10-02 21:05:16.19894 INFO::Fitting model to feature number 131, ASV_16344
2025-10-02 21:05:16.218502 INFO::Fitting model to feature number 132, ASV_16536
2025-10-02 21:05:16.246044 INFO::Counting total values for each feature
2025-10-02 21:05:16.248823 INFO::Writing filtered data to file /home/patcseed/projects/abbott-carbohydrate-obesity-project2/microbiome_analysis/outputs/maaslin2_48h_rdc_vs_sdc/features/filtered_data.tsv
2025-10-02 21:05:16.253763 INFO::Writing filtered, normalized data to file /home/patcseed/projects/abbott-carbohydrate-obesity-project2/microbiome_analysis/outputs/maaslin2_48h_rdc_vs_sdc/features/filtered_data_norm.tsv
2025-10-02 21:05:16.259174 INFO::Writing filtered, normalized, transformed data to file /home/patcseed/projects/abbott-carbohydrate-obesity-project2/microbiome_analysis/outputs/maaslin2_48h_rdc_vs_sdc/features/filtered_data_norm_transformed.tsv
2025-10-02 21:05:16.267243 INFO::Writing residuals to file /home/patcseed/projects/abbott-carbohydrate-obesity-project2/microbiome_analysis/outputs/maaslin2_48h_rdc_vs_sdc/fits/residuals.rds
2025-10-02 21:05:16.270717 INFO::Writing fitted values to file /home/patcseed/projects/abbott-carbohydrate-obesity-project2/microbiome_analysis/outputs/maaslin2_48h_rdc_vs_sdc/fits/fitted.rds
2025-10-02 21:05:16.273528 INFO::Writing extracted random effects to file /home/patcseed/projects/abbott-carbohydrate-obesity-project2/microbiome_analysis/outputs/maaslin2_48h_rdc_vs_sdc/fits/ranef.rds
2025-10-02 21:05:16.274467 INFO::Writing all results to file (ordered by increasing q-values): /home/patcseed/projects/abbott-carbohydrate-obesity-project2/microbiome_analysis/outputs/maaslin2_48h_rdc_vs_sdc/all_results.tsv
2025-10-02 21:05:16.280253 INFO::Writing the significant results (those which are less than or equal to the threshold of 0.250000 ) to file (ordered by increasing q-values): /home/patcseed/projects/abbott-carbohydrate-obesity-project2/microbiome_analysis/outputs/maaslin2_48h_rdc_vs_sdc/significant_results.tsv
